[     730ms] [INFO] %cDownload the React DevTools for a better development experience: https://react.dev/link/react-devtools font-weight:bold @ http://localhost:3000/_next/static/chunks/node_modules_next_dist_f3530cac._.js:2297
[     892ms] [LOG] [HMR] connected @ http://localhost:3000/_next/static/chunks/node_modules_next_dist_f3530cac._.js:2297
[ 2288191ms] [LOG] [Fast Refresh] rebuilding @ http://localhost:3000/_next/static/chunks/node_modules_next_dist_f3530cac._.js:2297
[ 2290039ms] [LOG] [Fast Refresh] done in 1889ms @ http://localhost:3000/_next/static/chunks/node_modules_next_dist_f3530cac._.js:2297
[ 2290982ms] [LOG] [Fast Refresh] rebuilding @ http://localhost:3000/_next/static/chunks/node_modules_next_dist_f3530cac._.js:2297
[ 2291079ms] [LOG] [Fast Refresh] done in 198ms @ http://localhost:3000/_next/static/chunks/node_modules_next_dist_f3530cac._.js:2297
[ 2291893ms] [INFO] %cDownload the React DevTools for a better development experience: https://react.dev/link/react-devtools font-weight:bold @ http://localhost:3000/_next/static/chunks/node_modules_next_dist_f3530cac._.js:2297
[ 2291971ms] [LOG] [HMR] connected @ http://localhost:3000/_next/static/chunks/node_modules_next_dist_f3530cac._.js:2297
[ 2359385ms] [LOG] [Fast Refresh] rebuilding @ http://localhost:3000/_next/static/chunks/node_modules_next_dist_f3530cac._.js:2297
[ 2359805ms] ReferenceError: mode is not defined
    at StripeForm (http://localhost:3000/_next/static/chunks/src_1b23f61a._.js?id=%255Bproject%255D%252Fsrc%252Fcomponents%252Fdonate%252FStripeForm.tsx+%255Bapp-client%255D+%2528ecmascript%2529:206:149)
    at Object.react_stack_bottom_frame (http://localhost:3000/_next/static/chunks/node_modules_next_dist_compiled_react-dom_1e674e59._.js:14826:24)
    at renderWithHooks (http://localhost:3000/_next/static/chunks/node_modules_next_dist_compiled_react-dom_1e674e59._.js:4651:24)
    at updateFunctionComponent (http://localhost:3000/_next/static/chunks/node_modules_next_dist_compiled_react-dom_1e674e59._.js:6112:21)
    at beginWork (http://localhost:3000/_next/static/chunks/node_modules_next_dist_compiled_react-dom_1e674e59._.js:6708:24)
    at runWithFiberInDEV (http://localhost:3000/_next/static/chunks/node_modules_next_dist_compiled_react-dom_1e674e59._.js:965:74)
    at performUnitOfWork (http://localhost:3000/_next/static/chunks/node_modules_next_dist_compiled_react-dom_1e674e59._.js:9562:97)
    at workLoopSync (http://localhost:3000/_next/static/chunks/node_modules_next_dist_compiled_react-dom_1e674e59._.js:9456:40)
    at renderRootSync (http://localhost:3000/_next/static/chunks/node_modules_next_dist_compiled_react-dom_1e674e59._.js:9440:13)
    at performWorkOnRoot (http://localhost:3000/_next/static/chunks/node_modules_next_dist_compiled_react-dom_1e674e59._.js:9105:47)
    at performSyncWorkOnRoot (http://localhost:3000/_next/static/chunks/node_modules_next_dist_compiled_react-dom_1e674e59._.js:10238:9)
    at flushSyncWorkAcrossRoots_impl (http://localhost:3000/_next/static/chunks/node_modules_next_dist_compiled_react-dom_1e674e59._.js:10154:316)
    at flushSyncWork$1 (http://localhost:3000/_next/static/chunks/node_modules_next_dist_compiled_react-dom_1e674e59._.js:9237:86)
    at Object.scheduleRefresh (http://localhost:3000/_next/static/chunks/node_modules_next_dist_compiled_react-dom_1e674e59._.js:299:13)
    at http://localhost:3000/_next/static/chunks/node_modules_next_dist_compiled_a0e4c7b4._.js:391:33
    at Set.forEach (<anonymous>)
    at Object.performReactRefresh (http://localhost:3000/_next/static/chunks/node_modules_next_dist_compiled_a0e4c7b4._.js:384:38)
    at applyUpdate (http://localhost:3000/_next/static/chunks/node_modules_next_dist_compiled_a0e4c7b4._.js:878:31)
    at http://localhost:3000/_next/static/chunks/node_modules_next_dist_compiled_a0e4c7b4._.js:886:13
[ 2359799ms] [LOG] [Fast Refresh] done in 468ms @ http://localhost:3000/_next/static/chunks/node_modules_next_dist_f3530cac._.js:2297
[ 2359943ms] [LOG] [Fast Refresh] rebuilding @ http://localhost:3000/_next/static/chunks/node_modules_next_dist_f3530cac._.js:2297
[ 2360014ms] [LOG] [Fast Refresh] done in 173ms @ http://localhost:3000/_next/static/chunks/node_modules_next_dist_f3530cac._.js:2297
[ 2360756ms] [LOG] [Fast Refresh] rebuilding @ http://localhost:3000/_next/static/chunks/node_modules_next_dist_f3530cac._.js:2297
[ 2360788ms] [WARNING] [Fast Refresh] performing full reload because your application had an unrecoverable error @ http://localhost:3000/_next/static/chunks/node_modules_next_dist_f3530cac._.js:2297
[ 2361048ms] [LOG] [Fast Refresh] done in 132ms @ http://localhost:3000/_next/static/chunks/node_modules_next_dist_f3530cac._.js:2297
[ 2361389ms] [INFO] %cDownload the React DevTools for a better development experience: https://react.dev/link/react-devtools font-weight:bold @ http://localhost:3000/_next/static/chunks/node_modules_next_dist_f3530cac._.js:2297
[ 2361418ms] [LOG] [HMR] connected @ http://localhost:3000/_next/static/chunks/node_modules_next_dist_f3530cac._.js:2297
[ 2362064ms] [LOG] [Fast Refresh] rebuilding @ http://localhost:3000/_next/static/chunks/node_modules_next_dist_f3530cac._.js:2297
[ 2362095ms] [LOG] [Fast Refresh] done in 132ms @ http://localhost:3000/_next/static/chunks/node_modules_next_dist_f3530cac._.js:2297
[ 2363616ms] [LOG] [Fast Refresh] rebuilding @ http://localhost:3000/_next/static/chunks/node_modules_next_dist_f3530cac._.js:2297
[ 2363665ms] [LOG] [Fast Refresh] done in 150ms @ http://localhost:3000/_next/static/chunks/node_modules_next_dist_f3530cac._.js:2297
[ 2503815ms] [LOG] [Fast Refresh] rebuilding @ http://localhost:3000/_next/static/chunks/node_modules_next_dist_f3530cac._.js:2297
[ 2503874ms] [LOG] [Fast Refresh] done in 161ms @ http://localhost:3000/_next/static/chunks/node_modules_next_dist_f3530cac._.js:2297
[ 2770407ms] [LOG] [Fast Refresh] rebuilding @ http://localhost:3000/_next/static/chunks/node_modules_next_dist_f3530cac._.js:2297
[ 2771011ms] [LOG] [Fast Refresh] done in 204ms @ http://localhost:3000/_next/static/chunks/node_modules_next_dist_f3530cac._.js:2297
[ 2931859ms] [LOG] [Fast Refresh] rebuilding @ http://localhost:3000/_next/static/chunks/node_modules_next_dist_f3530cac._.js:2297
[ 2932212ms] [LOG] [Fast Refresh] done in 455ms @ http://localhost:3000/_next/static/chunks/node_modules_next_dist_f3530cac._.js:2297
[ 3182416ms] [LOG] [Fast Refresh] rebuilding @ http://localhost:3000/_next/static/chunks/node_modules_next_dist_f3530cac._.js:2297
[ 3185082ms] [LOG] [Fast Refresh] done in 2766ms @ http://localhost:3000/_next/static/chunks/node_modules_next_dist_f3530cac._.js:2297
[ 3185905ms] [WARNING] <link rel=preload> uses an unsupported `as` value @ https://checkout.stripe.com/c/pay/cs_test_b1eriS8iYF2XZz8iSvUUHAPdiahdKqloYZCr0nB09eZsAt3NscEEBihbFK#fidnandhYHdWcXxpYCc%2FJ2FgY2RwaXEnKSdicGRmZGhqaWBTZHdsZGtxJz8nZmprcXdqaScpJ2R1bE5gfCc%2FJ3VuWnFgdnFaMDRWfUFvMD1samI0c1M3ZE9NYXRMMnVkS1BmbjYzRz1gNUlDb3ZJRmNBR0A9VUg9bUYyXT0yd01zSUltU18zRndKc1UyQmpMPV1wQzNORDRPTGBTM2xwNDE1NURURjRCdW5DJyknY3dqaFZgd3Ngdyc%2FcXdwYCknZ2RmbmJ3anBrYUZqaWp3Jz8nJmNjY2NjYycpJ2lkfGpwcVF8dWAnPydocGlxbFpscWBoJyknYGtkZ2lgVWlkZmBtamlhYHd2Jz9xd3BgeCUl:0
[ 3185905ms] [WARNING] <link rel=preload> uses an unsupported `as` value @ https://checkout.stripe.com/c/pay/cs_test_b1eriS8iYF2XZz8iSvUUHAPdiahdKqloYZCr0nB09eZsAt3NscEEBihbFK#fidnandhYHdWcXxpYCc%2FJ2FgY2RwaXEnKSdicGRmZGhqaWBTZHdsZGtxJz8nZmprcXdqaScpJ2R1bE5gfCc%2FJ3VuWnFgdnFaMDRWfUFvMD1samI0c1M3ZE9NYXRMMnVkS1BmbjYzRz1gNUlDb3ZJRmNBR0A9VUg9bUYyXT0yd01zSUltU18zRndKc1UyQmpMPV1wQzNORDRPTGBTM2xwNDE1NURURjRCdW5DJyknY3dqaFZgd3Ngdyc%2FcXdwYCknZ2RmbmJ3anBrYUZqaWp3Jz8nJmNjY2NjYycpJ2lkfGpwcVF8dWAnPydocGlxbFpscWBoJyknYGtkZ2lgVWlkZmBtamlhYHd2Jz9xd3BgeCUl:0
[ 3188384ms] [WARNING] [Stripe.js] The following payment method types are not activated:

- link

They will be displayed in test mode, but hidden in live mode. Please activate the payment method types in your dashboard (https://dashboard.stripe.com/settings/payment_methods) and ensure your account is enabled for any preview features that you are trying to use. @ https://js.stripe.com/v3/fingerprinted/js/controller-5af1d56392c45f5c578862f969b34611.js:0
[ 3429926ms] [INFO] %cDownload the React DevTools for a better development experience: https://react.dev/link/react-devtools font-weight:bold @ http://localhost:3000/_next/static/chunks/node_modules_next_dist_f3530cac._.js:2297
[ 3430047ms] [LOG] [HMR] connected @ http://localhost:3000/_next/static/chunks/node_modules_next_dist_f3530cac._.js:2297
[ 3439611ms] [LOG] [Fast Refresh] rebuilding @ http://localhost:3000/_next/static/chunks/node_modules_next_dist_f3530cac._.js:2297
[ 3439791ms] [LOG] [Fast Refresh] done in 280ms @ http://localhost:3000/_next/static/chunks/node_modules_next_dist_f3530cac._.js:2297
[ 3440208ms] [WARNING] Detected `scroll-behavior: smooth` on the `<html>` element. To disable smooth scrolling during route transitions, add `data-scroll-behavior="smooth"` to your <html> element. Learn more: https://nextjs.org/docs/messages/missing-data-scroll-behavior @ http://localhost:3000/_next/static/chunks/node_modules_next_dist_f3530cac._.js:2297
[ 3440823ms] [WARNING] Image with src "/cmrflogo.png" has "fill" but is missing "sizes" prop. Please add it to improve page performance. Read more: https://nextjs.org/docs/api-reference/next/image#sizes @ http://localhost:3000/_next/static/chunks/node_modules_next_dist_f3530cac._.js:2297
[ 3542136ms] [ERROR] Failed to load resource: the server responded with a status of 429 () @ https://www.google.com/sorry/index?continue=https://www.google.com/search%3Fq%3D%26rlz%3D1C5CHFA_enUS890US891%26sourceid%3Dchrome%26ie%3DUTF-8%26amc%3D1%26udm%3D50%26aep%3D48%26cud%3D0%26source%3Dchrome.crn.obic%26sei%3DyR5laubmIdGm5NoPvITM4QI&q=EhAmAEBBAVllAMWSXmdgcGNNGMm9lNMGIjBe-R6UMKM1MJ8uP7rnWrxeM_jyrIT26K0bnK-8cLWKUuVA-Pu1xKzMUkxkx6uAPV8yAVJaAUM:0
[ 3542482ms] [WARNING] An iframe which has both allow-scripts and allow-same-origin for its sandbox attribute can escape its sandboxing. @ https://www.google.com/recaptcha/enterprise/anchor?ar=1&k=6LdLLIMbAAAAAIl-KLj9p1ePhM-4LCCDbjtJLqRO&co=aHR0cHM6Ly93d3cuZ29vZ2xlLmNvbTo0NDM.&hl=en&v=A7KpaEASfhDcK0nXxgQEyyYv&size=normal&s=D_ocuuRHICqnLQECikzhtHnYhvcN5epDAQ5BHw7KfeAYnuFp8t7g6A7YRMUClOHtYEPKU63SI_WCxj6jiEMd7j6BYzu0fEXxBWCmvll-LV8GLHoNgTUpyvH-Pi280ll-2k8IZS1Ov3AZw2yyJ6Ij29Mq1RjuwNX4H-sSmtnIGFP75VZfSKUExjcvq-bsUfrU6WMdRQ5o7q0JM0a7Uz22RrSjNY_DECKjmEcIzDhXOTDwahwcO7JEIhbgU6OTP9xyKpE4VnQSTXcdj2OMH4CMMdLen8ULAak&anchor-ms=20000&execute-ms=30000&cb=qued60x81med:0
[ 3542746ms] ReferenceError: solveSimpleChallenge is not defined
    at onload (https://www.google.com/sorry/index?continue=https://www.google.com/search%3Fq%3D%26rlz%3D1C5CHFA_enUS890US891%26sourceid%3Dchrome%26ie%3DUTF-8%26amc%3D1%26udm%3D50%26aep%3D48%26cud%3D0%26source%3Dchrome.crn.obic%26sei%3DyR5laubmIdGm5NoPvITM4QI&q=EhAmAEBBAVllAMWSXmdgcGNNGMm9lNMGIjBe-R6UMKM1MJ8uP7rnWrxeM_jyrIT26K0bnK-8cLWKUuVA-Pu1xKzMUkxkx6uAPV8yAVJaAUM:4:316)
[ 3543359ms] [WARNING] An iframe which has both allow-scripts and allow-same-origin for its sandbox attribute can escape its sandboxing. @ https://www.google.com/recaptcha/enterprise/bframe?hl=en&v=A7KpaEASfhDcK0nXxgQEyyYv&k=6LdLLIMbAAAAAIl-KLj9p1ePhM-4LCCDbjtJLqRO&bft=0dAFcWeA4a7KuZZRz6PDtiIyWmrJ9QuDnno7JDLPw7OxTcvb7TDCcw19BjTq1d3duwGvDr2KORwiyfbm9zDywszKzx-s36Bq6cxA:0
